                                                                           
                                                                           
***************************************************************************
***                                                                     ***
***                                                                     ***
***          __  __ ____   ____ _                                       ***
***         |  \/  |  _ \ / ___| |__   ___ _ __ ___                     ***
***         | |\/| | |_) | |   | '_ \ / _ \ '_ ` _ \                    ***
***         | |  | |  _ <| |___| | | |  __/ | | | | |                   ***
***         |_|  |_|_| \_\\____|_| |_|\___|_| |_| |_|                   ***
***                                                                     ***
***         VERSION            1.2.0-alpha                              ***
***                                                                     ***
***         Git branch         pb-solvation                             ***
***         Git commit hash    5e50f893dcf86e70e218-dirty               ***
***         Git commit author  Gabriel Gerez                            ***
***         Git commit date    Mon Apr 24 15:18:43 2023 +0200           ***
***                                                                     ***
***         Contact: luca.frediani@uit.no                               ***
***                                                                     ***
***         Radovan Bast            Magnar Bjorgve                      ***
***         Roberto Di Remigio      Antoine Durdek                      ***
***         Luca Frediani           Gabriel Gerez                       ***
***         Stig Rune Jensen        Jonas Juselius                      ***
***         Rune Monstad            Peter Wind                          ***
***                                                                     ***
***************************************************************************

---------------------------------------------------------------------------

 MPI processes           :       (no bank)                               1
 OpenMP threads          :                                              12
 Total cores             :                                              12
                                                                           
---------------------------------------------------------------------------

XCFun DFT library Copyright 2009-2020 Ulf Ekstrom and contributors.
See http://dftlibs.org/xcfun/ for more information.

This is free software; see the source code for copying conditions.
There is ABSOLUTELY NO WARRANTY; not even for MERCHANTABILITY or
FITNESS FOR A PARTICULAR PURPOSE. For details see the documentation.
Scientific users of this library should cite
U. Ekstrom, L. Visscher, R. Bast, A. J. Thorvaldsen and K. Ruud;
J.Chem.Theor.Comp. 2010, DOI: 10.1021/ct100117s

---------------------------------------------------------------------------

 MRCPP version         : 1.4.1
 Git branch            : HEAD
 Git commit hash       : 75d41879b1908a94a452
 Git commit author     : Stig Rune Jensen
 Git commit date       : Thu Jan 6 11:38:53 2022 +0100

 Linear algebra        : EIGEN v3.4.0
 Parallelization       : OpenMP (12 threads)

---------------------------------------------------------------------------


                                                                           
===========================================================================
                         MultiResolution Analysis
---------------------------------------------------------------------------
 polynomial order      : 5
 polynomial type       : Interpolating
---------------------------------------------------------------------------
 total boxes           : 8
 boxes                 : [          2           2           2 ]
 unit lengths          : [   16.00000    16.00000    16.00000 ]
 scaling factor        : [    1.00000     1.00000     1.00000 ]
 lower bounds          : [  -16.00000   -16.00000   -16.00000 ]
 upper bounds          : [   16.00000    16.00000    16.00000 ]
 total length          : [   32.00000    32.00000    32.00000 ]
===========================================================================


                                                                           
***************************************************************************
***                                                                     ***
***                        Initializing Molecule                        ***
***                                                                     ***
***************************************************************************
                                                                           
                                                                           
===========================================================================
                                 Molecule
---------------------------------------------------------------------------
 Charge                  :                                              -1
 Multiplicity            :                                               1
---------------------------------------------------------------------------
    N    Atom            :               x               y               z
---------------------------------------------------------------------------
    0       H            :        0.000000        0.000000        0.000000
---------------------------------------------------------------------------
 Center of mass          :        0.000000        0.000000        0.000000
===========================================================================


===========================================================================
                       Projecting nuclear potential
---------------------------------------------------------------------------
    N    Atom                       Charge       Precision       Smoothing
---------------------------------------------------------------------------
    0       H                 1.000000e+00    1.000000e-03    1.632412e-02
---------------------------------------------------------------------------
 Local potential                   712 nds         9.39 MB        0.02 sec
 Allreduce potential               648 nds         8.54 MB        3.28  ms
---------------------------------------------------------------------------
                         Wall time: 2.17141e-02 sec
===========================================================================


===========================================================================
                             Solvation Cavity
---------------------------------------------------------------------------
 Formulation             :                                     exponential
 Dielectric constant     :            (in)                        1.000000
                         :           (out)                       78.400000
---------------------------------------------------------------------------
    N      R_0  Alpha Beta Sigma      Radius         x         y         z
---------------------------------------------------------------------------
    0   2.6456  1.00  0.00  0.20  ->  2.6456  0.000000  0.000000  0.000000
===========================================================================


===========================================================================
              Square of the Debye-Huckel screening parameter
---------------------------------------------------------------------------
 Formulation             :                                     exponential
 Screening function value:            (in)                        0.000000
                         :           (out)                        0.087036
---------------------------------------------------------------------------
    N      R_0  Alpha Beta Sigma      Radius         x         y         z
---------------------------------------------------------------------------
    0   2.6456  1.00  0.00  0.20  ->  2.6456  0.000000  0.000000  0.000000
===========================================================================


                                                                           
***************************************************************************
***                                                                     ***
***                Computing Initial Guess Wavefunction                 ***
***                                                                     ***
***************************************************************************
                                                                           
                                                                           
~~~~~~~~~~~~~~~~~~~~~~~~~~~~~~~~~~~~~~~~~~~~~~~~~~~~~~~~~~~~~~~~~~~~~~~~~~~
 Calculation             : Compute initial orbitals
 Method                  : Diagonalize SAD Hamiltonian
 Precision               : 1.00000e-03
 Screening               : 1.20000e+01 StdDev
 Restricted              : True
 Functional              : LDA (SVWN5)
 AO basis                : Hydrogenic orbitals
 Zeta quality            : 2
~~~~~~~~~~~~~~~~~~~~~~~~~~~~~~~~~~~~~~~~~~~~~~~~~~~~~~~~~~~~~~~~~~~~~~~~~~~


===========================================================================
                       Projecting nuclear potential
---------------------------------------------------------------------------
    N    Atom                       Charge       Precision       Smoothing
---------------------------------------------------------------------------
    0       H                 1.000000e+00    1.000000e-03    1.632412e-02
---------------------------------------------------------------------------
 Local potential                   712 nds         9.39 MB        8.80  ms
 Allreduce potential               648 nds         8.54 MB        1.86  ms
---------------------------------------------------------------------------
                         Wall time: 1.06923e-02 sec
===========================================================================


===========================================================================
                          Projecting GTO density
---------------------------------------------------------------------------
    N    Atom                       Nuclear charge         Electron charge
---------------------------------------------------------------------------
    0       H                       1.000000000000          0.999997428211
---------------------------------------------------------------------------
 Total charge                       1.000000000000          0.999997428211
---------------------------------------------------------------------------
 Local density                     264 nds         3.48 MB        0.07 sec
 Allreduce density                 264 nds         3.48 MB        1.03  ms
---------------------------------------------------------------------------
                         Wall time: 6.82866e-02 sec
===========================================================================


===========================================================================
                          Projecting Hydrogen AOs
---------------------------------------------------------------------------
    n         Atom  Label            Nodes            Size            Time
---------------------------------------------------------------------------
    0            H     1s          200 nds         2.64 MB        2.36  ms
    1            H     2s          200 nds         2.64 MB        2.78  ms
    2            H     2p          136 nds         1.79 MB        1.99  ms
    3            H     2p          136 nds         1.79 MB        1.96  ms
    4            H     2p          136 nds         1.79 MB        1.97  ms
---------------------------------------------------------------------------
                         Wall time: 1.11209e-02 sec
===========================================================================


===========================================================================
                         Building Coulomb operator
---------------------------------------------------------------------------
 Precision                                  (rel)              1.00000e-03
---------------------------------------------------------------------------
 Compute global potential            8 nds       108.00 kB        0.01 sec
---------------------------------------------------------------------------
                         Wall time: 1.24040e-02 sec
===========================================================================


===========================================================================
                           Building XC operator
---------------------------------------------------------------------------
 Precision                                  (rel)              1.00000e-03
---------------------------------------------------------------------------
 Compute rho                       264 nds         3.48 MB        0.00  ms
 Preprocess input                  264 nds         3.48 MB        0.28  ms
 Evaluate functional               528 nds         6.96 MB        0.03 sec
 Postprocess potential             528 nds         6.96 MB        0.33  ms
---------------------------------------------------------------------------
                         Wall time: 2.65233e-02 sec
===========================================================================


===========================================================================
                         Diagonalizing Fock matrix
---------------------------------------------------------------------------
 Computing overlap matrix                   (sec)              6.54863e-04
 Computing Lowdin matrix                    (sec)              1.18700e-06
---------------------------------------------------------------------------
 <i|p[x]p[x]|j>                    808 nds        10.65 MB        5.74  ms
 <i|p[y]p[y]|j>                    808 nds        10.65 MB        5.78  ms
 <i|p[z]p[z]|j>                    808 nds        10.65 MB        5.72  ms
 <i|V_nuc + J + V_xc|j>           1128 nds        14.87 MB        0.07 sec
---------------------------------------------------------------------------
 Computing Fock matrix                      (sec)              9.18805e-02
 Diagonalizing Fock matrix                  (sec)              1.42210e-05
 Rotating orbitals                          (sec)              2.41464e-03
---------------------------------------------------------------------------
                         Wall time: 2.73188e-01 sec
===========================================================================


===========================================================================
                            Molecular Orbitals
---------------------------------------------------------------------------
 Alpha electrons         :                                               1
 Beta electrons          :                                               1
 Total electrons         :                                               2
---------------------------------------------------------------------------
    n  Occ Spin          :                                            Norm
---------------------------------------------------------------------------
    0    2    p          :                              1.000000000000e+00
---------------------------------------------------------------------------
 Total MO nodes          :                                             200
 Total MO memory         :            (MB)                            2.64
===========================================================================


~~~~~~~~~~~~~~~~~~~~~~~~~~~~~~~~~~~~~~~~~~~~~~~~~~~~~~~~~~~~~~~~~~~~~~~~~~~
 Calculation             : Compute initial energy
 Method                  : DFT (PBE0)
 Relativity              : None
 Environment             : PCM
 External fields         : None
 Precision               : 1.00000e-03
 Localization            : Off
~~~~~~~~~~~~~~~~~~~~~~~~~~~~~~~~~~~~~~~~~~~~~~~~~~~~~~~~~~~~~~~~~~~~~~~~~~~


===========================================================================
                         Building Coulomb operator
---------------------------------------------------------------------------
 Precision                                  (rel)              1.00000e-03
---------------------------------------------------------------------------
 Compute global density            264 nds         3.48 MB        6.00  ms
 Compute global potential            8 nds       108.00 kB        0.01 sec
---------------------------------------------------------------------------
                         Wall time: 1.88695e-02 sec
===========================================================================


===========================================================================
                        Building Exchange operator
---------------------------------------------------------------------------
 Precision                                  (rel)              1.00000e-03
---------------------------------------------------------------------------
 Time receiving orbitals                    (sec)              0.00000e+00
 Time receiving exchanges                   (sec)              0.00000e+00
 Time sending exchanges                     (sec)              0.00000e+00
 Time adding exchanges                      (sec)              0.00000e+00
 Time waiting for others                    (sec)              6.50000e-08
 Time computing exchanges                   (sec)              2.04795e-02
---------------------------------------------------------------------------
 Time diagonal terms                        (sec)              2.04820e-02
 Time off-diagonal terms                    (sec)              1.14300e-06
---------------------------------------------------------------------------
 Average exchange term             200 nds         2.64 MB        0.02 sec
---------------------------------------------------------------------------
                         Wall time: 2.05467e-02 sec
===========================================================================


===========================================================================
                           Building XC operator
---------------------------------------------------------------------------
 Precision                                  (rel)              1.00000e-03
---------------------------------------------------------------------------
 Compute rho                       264 nds         3.48 MB        7.46  ms
 Preprocess input                 1056 nds        13.92 MB        3.49  ms
 Evaluate functional              1320 nds        17.40 MB        0.12 sec
 Postprocess potential             528 nds         6.96 MB        5.19  ms
---------------------------------------------------------------------------
                         Wall time: 1.33637e-01 sec
===========================================================================


===========================================================================
                        Building Reaction operator
~~~~~~~~~~~~~~~~~~~~~~~~~~~~~~~~~~~~~~~~~~~~~~~~~~~~~~~~~~~~~~~~~~~~~~~~~~~
 Density type            : total 
 Dynamic threshold       : Off 
 KAIN solver             : 5 
 Max iterations          : 100 
 Method                  : SCRF 
 Optimizer               : Potential 
~~~~~~~~~~~~~~~~~~~~~~~~~~~~~~~~~~~~~~~~~~~~~~~~~~~~~~~~~~~~~~~~~~~~~~~~~~~
 Precision                                  (rel)              1.00000e-03
 Threshold                                  (abs)              1.00000e-03
---------------------------------------------------------------------------
 Vacuum density                    584 nds         7.70 MB        8.22  ms
 Vacuum potential                  456 nds         6.01 MB        0.20 sec
 Initial gamma                    2824 nds        37.23 MB        0.63 sec
---------------------------------------------------------------------------
 Iter   1 :             1.078994448853e+02    1.744287e+02        0.24 sec
 Iter   2 :             2.841665992349e+02    3.920655e+02        0.23 sec
 Iter   3 :             6.781111554679e+02    2.786380e+02        0.22 sec
 Iter   4 :             5.616139606055e+00    5.219600e+00        0.31 sec
 Iter   5 :             2.894432992563e+01    2.548384e+00        0.26 sec
 Iter   6 :             3.299732965006e+01    2.119770e+00        0.29 sec
 Iter   7 :             1.949913425877e+01    3.484347e+00        0.29 sec
 Iter   8 :             1.690778926236e+00    9.747648e-01        0.44 sec
 Iter   9 :             2.242559645438e+01    9.212298e-01        0.29 sec
 Iter  10 :             1.441114127849e+01    3.917990e-01        0.28 sec
 Iter  11 :             1.587421800673e+01    9.295509e-01        0.29 sec
 Iter  12 :             1.149902685070e+01    4.303898e-01        0.29 sec
 Iter  13 :             1.409854676038e+01    1.294925e-01        0.29 sec
 Iter  14 :             1.706084823136e+01    5.210712e-02        0.28 sec
 Iter  15 :             1.491628530397e+01    3.108664e-02        0.28 sec
 Iter  16 :             1.487641938990e+01    4.846718e-03        0.29 sec
 Iter  17 :             1.472612733631e+01    1.018080e-02        0.29 sec
 Iter  18 :             1.484660860602e+01    2.181595e-03        0.29 sec
 Iter  19 :             1.484731046242e+01    1.475445e-04        0.29 sec
---------------------------------------------------------------------------
 Reaction potential                264 nds         3.48 MB        5.43 sec
---------------------------------------------------------------------------
                         Wall time: 6.27262e+00 sec
===========================================================================


===========================================================================
                           Computing Fock matrix
---------------------------------------------------------------------------
 <i|p[x]p[x]|j>                    328 nds         4.32 MB        3.22  ms
 <i|p[y]p[y]|j>                    328 nds         4.32 MB        3.11  ms
 <i|p[z]p[z]|j>                    328 nds         4.32 MB        3.14  ms
 <i|V_nuc + J - K + V_xc - V_r|j>         264 nds         3.48 MB        0.02 sec
---------------------------------------------------------------------------
                         Wall time: 3.26810e-02 sec
===========================================================================


===========================================================================
                        Computing molecular energy
---------------------------------------------------------------------------
 Trace V_nuc(rho)                  264 nds         3.48 MB        6.73  ms
 Trace J(rho)                      264 nds         3.48 MB        6.82  ms
 Trace K(rho)                      200 nds         2.64 MB        0.94  ms
---------------------------------------------------------------------------
                         Wall time: 2.68155e-02 sec
===========================================================================


===========================================================================
                         Digonalizing Fock matrix
---------------------------------------------------------------------------
 Computing overlap matrix                   (sec)              1.87169e-04
 Computing Lowdin matrix                    (sec)              8.30000e-07
 Diagonalizing matrix                       (sec)              3.98600e-06
 Rotating orbitals                          (sec)              2.01278e-03
---------------------------------------------------------------------------
                         Wall time: 2.25193e-03 sec
===========================================================================


===========================================================================
                        Computing orbital energies
---------------------------------------------------------------------------
 Diagonalize Fock matrix                    (sec)              2.61100e-06
---------------------------------------------------------------------------
                         Wall time: 1.81010e-05 sec
===========================================================================


===========================================================================
                        Molecular Energy (initial)
---------------------------------------------------------------------------
 Kinetic energy          :            (au)                  0.910176260930
 E-N energy              :            (au)                 -1.902272863636
 Coulomb energy          :            (au)                  1.162462538771
 Exchange energy         :            (au)                 -0.145305528264
 X-C energy              :            (au)                 -0.470703207550
 N-N energy              :            (au)                  0.000000000000
---------------------------------------------------------------------------
 Reaction energy (el)    :            (au)                 -0.353742361255
 Reaction energy (nuc)   :            (au)                  0.183321247095
 Reaction energy (tot)   :            (au)                 -0.170421114160
---------------------------------------------------------------------------
 Electronic energy       :            (au)                 -0.799385161004
 Nuclear energy          :            (au)                  0.183321247095
---------------------------------------------------------------------------
 Total energy            :            (au)             -6.160639139092e-01
                         :      (kcal/mol)             -3.865859426064e+02
                         :        (kJ/mol)             -1.617475583865e+03
                         :            (eV)             -1.676395311360e+01
===========================================================================


===========================================================================
                        Orbital Energies (initial)
---------------------------------------------------------------------------
    n  Occ Spin          :                                         Epsilon
---------------------------------------------------------------------------
    0    2    p          :            (au)                 -0.135494430732
---------------------------------------------------------------------------
 Sum occupied            :            (au)                 -0.270988861465
===========================================================================


===========================================================================
                          Computing dipole moment
---------------------------------------------------------------------------
 Trace h_E_dip[x](nucs)              0 nds         0.00 kB        0.01  ms
 Trace h_E_dip[y](nucs)              0 nds         0.00 kB        0.01  ms
 Trace h_E_dip[z](nucs)              0 nds         0.00 kB        0.01  ms
 Trace h_E_dip[x](rho)             200 nds         2.64 MB        5.14  ms
 Trace h_E_dip[y](rho)             200 nds         2.64 MB        5.09  ms
 Trace h_E_dip[z](rho)             200 nds         2.64 MB        5.10  ms
---------------------------------------------------------------------------
                         Wall time: 1.58114e-02 sec
===========================================================================


                                                                           
***************************************************************************
***                                                                     ***
***                    Printing Molecular Properties                    ***
***                                                                     ***
***************************************************************************
                                                                           
                                                                           
===========================================================================
                                 Molecule
---------------------------------------------------------------------------
 Charge                  :                                              -1
 Multiplicity            :                                               1
---------------------------------------------------------------------------
    N    Atom            :               x               y               z
---------------------------------------------------------------------------
    0       H            :        0.000000        0.000000        0.000000
---------------------------------------------------------------------------
 Center of mass          :        0.000000        0.000000        0.000000
===========================================================================


===========================================================================
                         Molecular Energy (final)
---------------------------------------------------------------------------
 Kinetic energy          :            (au)                  0.910176260930
 E-N energy              :            (au)                 -1.902272863636
 Coulomb energy          :            (au)                  1.162462538771
 Exchange energy         :            (au)                 -0.145305528264
 X-C energy              :            (au)                 -0.470703207550
 N-N energy              :            (au)                  0.000000000000
---------------------------------------------------------------------------
 Reaction energy (el)    :            (au)                 -0.353742361255
 Reaction energy (nuc)   :            (au)                  0.183321247095
 Reaction energy (tot)   :            (au)                 -0.170421114160
---------------------------------------------------------------------------
 Electronic energy       :            (au)                 -0.799385161004
 Nuclear energy          :            (au)                  0.183321247095
---------------------------------------------------------------------------
 Total energy            :            (au)             -6.160639139092e-01
                         :      (kcal/mol)             -3.865859426064e+02
                         :        (kJ/mol)             -1.617475583865e+03
                         :            (eV)             -1.676395311360e+01
===========================================================================


===========================================================================
                         Orbital Energies (final)
---------------------------------------------------------------------------
    n  Occ Spin          :                                         Epsilon
---------------------------------------------------------------------------
    0    2    p          :            (au)                 -0.135494430732
---------------------------------------------------------------------------
 Sum occupied            :            (au)                 -0.270988861465
===========================================================================


===========================================================================
                           Dipole Moment (dip-1)
---------------------------------------------------------------------------
 r_O                     :        0.000000        0.000000        0.000000
---------------------------------------------------------------------------
 Electronic vector       :       -0.000000       -0.000000       -0.000000
 Magnitude               :            (au)                        0.000000
                         :         (Debye)                        0.000000
---------------------------------------------------------------------------
 Nuclear vector          :        0.000000        0.000000        0.000000
 Magnitude               :            (au)                        0.000000
                         :         (Debye)                        0.000000
---------------------------------------------------------------------------
 Total vector            :        0.000000        0.000000        0.000000
 Magnitude               :            (au)                        0.000000
                         :         (Debye)                        0.000000
===========================================================================


                                                                           
                                                                           
***************************************************************************
***                                                                     ***
***                            Exiting MRChem                           ***
***                                                                     ***
***                       Wall time :  0h  0m  7s                       ***
***                                                                     ***
***************************************************************************
                                                                           
                                                                           
