                                                                           
                                                                           
***************************************************************************
***                                                                     ***
***                                                                     ***
***          __  __ ____   ____ _                                       ***
***         |  \/  |  _ \ / ___| |__   ___ _ __ ___                     ***
***         | |\/| | |_) | |   | '_ \ / _ \ '_ ` _ \                    ***
***         | |  | |  _ <| |___| | | |  __/ | | | | |                   ***
***         |_|  |_|_| \_\\____|_| |_|\___|_| |_| |_|                   ***
***                                                                     ***
***         VERSION            1.2.0-alpha                              ***
***                                                                     ***
***         Git branch         pb-solvation                             ***
***         Git commit hash    38400a4488fa0fc7a966                     ***
***         Git commit author  Gabriel Gerez                            ***
***         Git commit date    Wed Apr 26 16:04:53 2023 +0200           ***
***                                                                     ***
***         Contact: luca.frediani@uit.no                               ***
***                                                                     ***
***         Radovan Bast            Magnar Bjorgve                      ***
***         Roberto Di Remigio      Antoine Durdek                      ***
***         Luca Frediani           Gabriel Gerez                       ***
***         Stig Rune Jensen        Jonas Juselius                      ***
***         Rune Monstad            Peter Wind                          ***
***                                                                     ***
***************************************************************************

---------------------------------------------------------------------------

 MPI processes           :       (no bank)                               1
 OpenMP threads          :                                              12
 Total cores             :                                              12
                                                                           
---------------------------------------------------------------------------

XCFun DFT library Copyright 2009-2020 Ulf Ekstrom and contributors.
See http://dftlibs.org/xcfun/ for more information.

This is free software; see the source code for copying conditions.
There is ABSOLUTELY NO WARRANTY; not even for MERCHANTABILITY or
FITNESS FOR A PARTICULAR PURPOSE. For details see the documentation.
Scientific users of this library should cite
U. Ekstrom, L. Visscher, R. Bast, A. J. Thorvaldsen and K. Ruud;
J.Chem.Theor.Comp. 2010, DOI: 10.1021/ct100117s

---------------------------------------------------------------------------

 MRCPP version         : 1.5.0-alpha
 Git branch            : HEAD
 Git commit hash       : a3618d1498410124ec47
 Git commit author     : gitpeterwind
 Git commit date       : Tue Feb 21 15:21:15 2023 +0100

 Linear algebra        : EIGEN v3.4.0
 Parallelization       : OpenMP (12 threads)

---------------------------------------------------------------------------


                                                                           
===========================================================================
                         MultiResolution Analysis
---------------------------------------------------------------------------
 polynomial order      : 5
 polynomial type       : Interpolating
---------------------------------------------------------------------------
 total boxes           : 8
 boxes                 : [          2           2           2 ]
 unit lengths          : [   16.00000    16.00000    16.00000 ]
 scaling factor        : [    1.00000     1.00000     1.00000 ]
 lower bounds          : [  -16.00000   -16.00000   -16.00000 ]
 upper bounds          : [   16.00000    16.00000    16.00000 ]
 total length          : [   32.00000    32.00000    32.00000 ]
===========================================================================


                                                                           
***************************************************************************
***                                                                     ***
***                        Initializing Molecule                        ***
***                                                                     ***
***************************************************************************
                                                                           
                                                                           
===========================================================================
                                 Molecule
---------------------------------------------------------------------------
 Charge                  :                                              -1
 Multiplicity            :                                               1
---------------------------------------------------------------------------
    N    Atom            :               x               y               z
---------------------------------------------------------------------------
    0       H            :        0.000000        0.000000        0.000000
---------------------------------------------------------------------------
 Center of mass          :        0.000000        0.000000        0.000000
===========================================================================


===========================================================================
                             Solvation Cavity
---------------------------------------------------------------------------
 Formulation             :                                     exponential
 Dielectric constant     :            (in)                        1.000000
                         :           (out)                       78.400000
---------------------------------------------------------------------------
    N      R_0  Alpha Beta Sigma      Radius         x         y         z
---------------------------------------------------------------------------
    0   2.6456  1.00  0.00  0.20  ->  2.6456  0.000000  0.000000  0.000000
===========================================================================


===========================================================================
              Square of the Debye-Huckel screening parameter
---------------------------------------------------------------------------
 Formulation             :                                        variable
 Screening function value:            (in)                        0.000000
                         :           (out)                        0.087036
---------------------------------------------------------------------------
    N      R_0  Alpha Beta Sigma      Radius         x         y         z
---------------------------------------------------------------------------
    0   2.6456  1.00  0.00  0.20  ->  2.6456  0.000000  0.000000  0.000000
===========================================================================


                                                                           
***************************************************************************
***                                                                     ***
***                Computing Initial Guess Wavefunction                 ***
***                                                                     ***
***************************************************************************
                                                                           
                                                                           
~~~~~~~~~~~~~~~~~~~~~~~~~~~~~~~~~~~~~~~~~~~~~~~~~~~~~~~~~~~~~~~~~~~~~~~~~~~
 Calculation             : Compute initial orbitals
 Method                  : Diagonalize SAD Hamiltonian
 Precision               : 1.00000e-03
 Screening               : 1.20000e+01 StdDev
 Restricted              : True
 Functional              : LDA (SVWN5)
 AO basis                : Hydrogenic orbitals
 Zeta quality            : 2
~~~~~~~~~~~~~~~~~~~~~~~~~~~~~~~~~~~~~~~~~~~~~~~~~~~~~~~~~~~~~~~~~~~~~~~~~~~


===========================================================================
                            Molecular Orbitals
---------------------------------------------------------------------------
 Alpha electrons         :                                               1
 Beta electrons          :                                               1
 Total electrons         :                                               2
---------------------------------------------------------------------------
    n  Occ Spin          :                                            Norm
---------------------------------------------------------------------------
    0    2    p          :                              1.000000000000e+00
===========================================================================


~~~~~~~~~~~~~~~~~~~~~~~~~~~~~~~~~~~~~~~~~~~~~~~~~~~~~~~~~~~~~~~~~~~~~~~~~~~
 Calculation             : Compute initial energy
 Method                  : DFT (PBE0)
 Relativity              : None
 Environment             : None
 External fields         : None
 Precision               : 1.00000e-03
 Localization            : Off
~~~~~~~~~~~~~~~~~~~~~~~~~~~~~~~~~~~~~~~~~~~~~~~~~~~~~~~~~~~~~~~~~~~~~~~~~~~


===========================================================================
                        Molecular Energy (initial)
---------------------------------------------------------------------------
 Kinetic energy          :            (au)                  0.910176260930
 E-N energy              :            (au)                 -1.902272863636
 Coulomb energy          :            (au)                  1.162462538771
 Exchange energy         :            (au)                 -0.145305528264
 X-C energy              :            (au)                 -0.470703207550
 N-N energy              :            (au)                  0.000000000000
---------------------------------------------------------------------------
 Reaction energy (el)    :            (au)                 -0.353742361255
 Reaction energy (nuc)   :            (au)                  0.183321247095
 Reaction energy (tot)   :            (au)                 -0.170421114161
---------------------------------------------------------------------------
 Electronic energy       :            (au)                 -0.799385161005
 Nuclear energy          :            (au)                  0.183321247095
---------------------------------------------------------------------------
 Total energy            :            (au)             -6.160639139097e-01
                         :      (kcal/mol)             -3.865859426067e+02
                         :        (kJ/mol)             -1.617475583867e+03
                         :            (eV)             -1.676395311361e+01
===========================================================================


===========================================================================
                        Orbital Energies (initial)
---------------------------------------------------------------------------
    n  Occ Spin          :                                         Epsilon
---------------------------------------------------------------------------
    0    2    p          :            (au)                 -0.135494430732
---------------------------------------------------------------------------
 Sum occupied            :            (au)                 -0.270988861465
===========================================================================


                                                                           
***************************************************************************
***                                                                     ***
***                    Printing Molecular Properties                    ***
***                                                                     ***
***************************************************************************
                                                                           
                                                                           
===========================================================================
                                 Molecule
---------------------------------------------------------------------------
 Charge                  :                                              -1
 Multiplicity            :                                               1
---------------------------------------------------------------------------
    N    Atom            :               x               y               z
---------------------------------------------------------------------------
    0       H            :        0.000000        0.000000        0.000000
---------------------------------------------------------------------------
 Center of mass          :        0.000000        0.000000        0.000000
===========================================================================


===========================================================================
                         Molecular Energy (final)
---------------------------------------------------------------------------
 Kinetic energy          :            (au)                  0.910176260930
 E-N energy              :            (au)                 -1.902272863636
 Coulomb energy          :            (au)                  1.162462538771
 Exchange energy         :            (au)                 -0.145305528264
 X-C energy              :            (au)                 -0.470703207550
 N-N energy              :            (au)                  0.000000000000
---------------------------------------------------------------------------
 Reaction energy (el)    :            (au)                 -0.353742361255
 Reaction energy (nuc)   :            (au)                  0.183321247095
 Reaction energy (tot)   :            (au)                 -0.170421114161
---------------------------------------------------------------------------
 Electronic energy       :            (au)                 -0.799385161005
 Nuclear energy          :            (au)                  0.183321247095
---------------------------------------------------------------------------
 Total energy            :            (au)             -6.160639139097e-01
                         :      (kcal/mol)             -3.865859426067e+02
                         :        (kJ/mol)             -1.617475583867e+03
                         :            (eV)             -1.676395311361e+01
===========================================================================


===========================================================================
                         Orbital Energies (final)
---------------------------------------------------------------------------
    n  Occ Spin          :                                         Epsilon
---------------------------------------------------------------------------
    0    2    p          :            (au)                 -0.135494430732
---------------------------------------------------------------------------
 Sum occupied            :            (au)                 -0.270988861465
===========================================================================


===========================================================================
                           Dipole Moment (dip-1)
---------------------------------------------------------------------------
 r_O                     :        0.000000        0.000000        0.000000
---------------------------------------------------------------------------
 Electronic vector       :       -0.000000       -0.000000       -0.000000
 Magnitude               :            (au)                        0.000000
                         :         (Debye)                        0.000000
---------------------------------------------------------------------------
 Nuclear vector          :        0.000000        0.000000        0.000000
 Magnitude               :            (au)                        0.000000
                         :         (Debye)                        0.000000
---------------------------------------------------------------------------
 Total vector            :        0.000000        0.000000        0.000000
 Magnitude               :            (au)                        0.000000
                         :         (Debye)                        0.000000
===========================================================================


                                                                           
                                                                           
***************************************************************************
***                                                                     ***
***                            Exiting MRChem                           ***
***                                                                     ***
***                       Wall time :  0h  0m  7s                       ***
***                                                                     ***
***************************************************************************
                                                                           
                                                                           
